MSBuild version 17.8.43+f0cbb1397 for .NET
  Determining projects to restore...
E:\projects\employee_management_csharp\DisplayApp\DisplayApp.csproj : warning NU1701: Package 'LiveCharts 0.9.7' was restored using '.NETFramework,Version=v4.6.1, .NETFramework,Version=v4.6.2, .NETFramework,Version=v4.7, .NETFramework,Version=v4.7.1, .NETFramework,Version=v4.7.2, .NETFramework,Version=v4.8, .NETFramework,Version=v4.8.1' instead of the project target framework 'net8.0-windows7.0'. This package may not be fully compatible with your project. [E:\projects\employee_management_csharp\ManagementApp.sln]
E:\projects\employee_management_csharp\DisplayApp\DisplayApp.csproj : warning NU1701: Package 'LiveCharts.Wpf 0.9.7' was restored using '.NETFramework,Version=v4.6.1, .NETFramework,Version=v4.6.2, .NETFramework,Version=v4.7, .NETFramework,Version=v4.7.1, .NETFramework,Version=v4.7.2, .NETFramework,Version=v4.8, .NETFramework,Version=v4.8.1' instead of the project target framework 'net8.0-windows7.0'. This package may not be fully compatible with your project. [E:\projects\employee_management_csharp\ManagementApp.sln]
E:\projects\employee_management_csharp\ManagementApp\ManagementApp.csproj : warning NU1701: Package 'LiveCharts 0.9.7' was restored using '.NETFramework,Version=v4.6.1, .NETFramework,Version=v4.6.2, .NETFramework,Version=v4.7, .NETFramework,Version=v4.7.1, .NETFramework,Version=v4.7.2, .NETFramework,Version=v4.8, .NETFramework,Version=v4.8.1' instead of the project target framework 'net8.0-windows7.0'. This package may not be fully compatible with your project. [E:\projects\employee_management_csharp\ManagementApp.sln]
E:\projects\employee_management_csharp\ManagementApp\ManagementApp.csproj : warning NU1701: Package 'LiveCharts.Wpf 0.9.7' was restored using '.NETFramework,Version=v4.6.1, .NETFramework,Version=v4.6.2, .NETFramework,Version=v4.7, .NETFramework,Version=v4.7.1, .NETFramework,Version=v4.7.2, .NETFramework,Version=v4.8, .NETFramework,Version=v4.8.1' instead of the project target framework 'net8.0-windows7.0'. This package may not be fully compatible with your project. [E:\projects\employee_management_csharp\ManagementApp.sln]
  All projects are up-to-date for restore.
E:\projects\employee_management_csharp\DisplayApp\DisplayApp.csproj : warning NU1701: Package 'LiveCharts 0.9.7' was restored using '.NETFramework,Version=v4.6.1, .NETFramework,Version=v4.6.2, .NETFramework,Version=v4.7, .NETFramework,Version=v4.7.1, .NETFramework,Version=v4.7.2, .NETFramework,Version=v4.8, .NETFramework,Version=v4.8.1' instead of the project target framework 'net8.0-windows7.0'. This package may not be fully compatible with your project.
E:\projects\employee_management_csharp\DisplayApp\DisplayApp.csproj : warning NU1701: Package 'LiveCharts.Wpf 0.9.7' was restored using '.NETFramework,Version=v4.6.1, .NETFramework,Version=v4.6.2, .NETFramework,Version=v4.7, .NETFramework,Version=v4.7.1, .NETFramework,Version=v4.7.2, .NETFramework,Version=v4.8, .NETFramework,Version=v4.8.1' instead of the project target framework 'net8.0-windows7.0'. This package may not be fully compatible with your project.
E:\projects\employee_management_csharp\ManagementApp\ManagementApp.csproj : warning NU1701: Package 'LiveCharts 0.9.7' was restored using '.NETFramework,Version=v4.6.1, .NETFramework,Version=v4.6.2, .NETFramework,Version=v4.7, .NETFramework,Version=v4.7.1, .NETFramework,Version=v4.7.2, .NETFramework,Version=v4.8, .NETFramework,Version=v4.8.1' instead of the project target framework 'net8.0-windows7.0'. This package may not be fully compatible with your project.
E:\projects\employee_management_csharp\ManagementApp\ManagementApp.csproj : warning NU1701: Package 'LiveCharts.Wpf 0.9.7' was restored using '.NETFramework,Version=v4.6.1, .NETFramework,Version=v4.6.2, .NETFramework,Version=v4.7, .NETFramework,Version=v4.7.1, .NETFramework,Version=v4.7.2, .NETFramework,Version=v4.8, .NETFramework,Version=v4.8.1' instead of the project target framework 'net8.0-windows7.0'. This package may not be fully compatible with your project.
E:\projects\employee_management_csharp\Shared\Services\LoggingService.cs(76,28): warning CS8633: Nullability in constraints for type parameter 'TState' of method 'FileLogger.BeginScope<TState>(TState)' doesn't match the constraints for type parameter 'TState' of interface method 'ILogger.BeginScope<TState>(TState)'. Consider using an explicit interface implementation instead. [E:\projects\employee_management_csharp\Shared\Shared.csproj]
E:\projects\employee_management_csharp\Shared\Utils\DataCleanupHelper.cs(157,59): warning CS8604: Possible null reference argument for parameter 'path' in 'DirectoryInfo Directory.CreateDirectory(string path)'. [E:\projects\employee_management_csharp\Shared\Shared.csproj]
E:\projects\employee_management_csharp\Shared\Models\Task.cs(264,32): warning CS8605: Unboxing a possibly null value. [E:\projects\employee_management_csharp\Shared\Shared.csproj]
E:\projects\employee_management_csharp\Shared\Models\ShiftGroup.cs(470,101): error CS1503: Argument 6: cannot convert from 'bool?' to 'int?' [E:\projects\employee_management_csharp\Shared\Shared.csproj]
E:\projects\employee_management_csharp\Shared\Models\Shift.cs(444,45): warning CS8604: Possible null reference argument for parameter 'employee' in 'bool Shift.RemoveEmployee(Employee employee)'. [E:\projects\employee_management_csharp\Shared\Shared.csproj]
E:\projects\employee_management_csharp\Shared\Services\JsonHandler.cs(679,28): warning CS8603: Possible null reference return. [E:\projects\employee_management_csharp\Shared\Shared.csproj]
E:\projects\employee_management_csharp\Shared\Models\Shift.cs(133,57): warning CS8602: Dereference of a possibly null reference. [E:\projects\employee_management_csharp\Shared\Shared.csproj]

Build FAILED.

E:\projects\employee_management_csharp\DisplayApp\DisplayApp.csproj : warning NU1701: Package 'LiveCharts 0.9.7' was restored using '.NETFramework,Version=v4.6.1, .NETFramework,Version=v4.6.2, .NETFramework,Version=v4.7, .NETFramework,Version=v4.7.1, .NETFramework,Version=v4.7.2, .NETFramework,Version=v4.8, .NETFramework,Version=v4.8.1' instead of the project target framework 'net8.0-windows7.0'. This package may not be fully compatible with your project. [E:\projects\employee_management_csharp\ManagementApp.sln]
E:\projects\employee_management_csharp\DisplayApp\DisplayApp.csproj : warning NU1701: Package 'LiveCharts.Wpf 0.9.7' was restored using '.NETFramework,Version=v4.6.1, .NETFramework,Version=v4.6.2, .NETFramework,Version=v4.7, .NETFramework,Version=v4.7.1, .NETFramework,Version=v4.7.2, .NETFramework,Version=v4.8, .NETFramework,Version=v4.8.1' instead of the project target framework 'net8.0-windows7.0'. This package may not be fully compatible with your project. [E:\projects\employee_management_csharp\ManagementApp.sln]
E:\projects\employee_management_csharp\ManagementApp\ManagementApp.csproj : warning NU1701: Package 'LiveCharts 0.9.7' was restored using '.NETFramework,Version=v4.6.1, .NETFramework,Version=v4.6.2, .NETFramework,Version=v4.7, .NETFramework,Version=v4.7.1, .NETFramework,Version=v4.7.2, .NETFramework,Version=v4.8, .NETFramework,Version=v4.8.1' instead of the project target framework 'net8.0-windows7.0'. This package may not be fully compatible with your project. [E:\projects\employee_management_csharp\ManagementApp.sln]
E:\projects\employee_management_csharp\ManagementApp\ManagementApp.csproj : warning NU1701: Package 'LiveCharts.Wpf 0.9.7' was restored using '.NETFramework,Version=v4.6.1, .NETFramework,Version=v4.6.2, .NETFramework,Version=v4.7, .NETFramework,Version=v4.7.1, .NETFramework,Version=v4.7.2, .NETFramework,Version=v4.8, .NETFramework,Version=v4.8.1' instead of the project target framework 'net8.0-windows7.0'. This package may not be fully compatible with your project. [E:\projects\employee_management_csharp\ManagementApp.sln]
E:\projects\employee_management_csharp\DisplayApp\DisplayApp.csproj : warning NU1701: Package 'LiveCharts 0.9.7' was restored using '.NETFramework,Version=v4.6.1, .NETFramework,Version=v4.6.2, .NETFramework,Version=v4.7, .NETFramework,Version=v4.7.1, .NETFramework,Version=v4.7.2, .NETFramework,Version=v4.8, .NETFramework,Version=v4.8.1' instead of the project target framework 'net8.0-windows7.0'. This package may not be fully compatible with your project.
E:\projects\employee_management_csharp\DisplayApp\DisplayApp.csproj : warning NU1701: Package 'LiveCharts.Wpf 0.9.7' was restored using '.NETFramework,Version=v4.6.1, .NETFramework,Version=v4.6.2, .NETFramework,Version=v4.7, .NETFramework,Version=v4.7.1, .NETFramework,Version=v4.7.2, .NETFramework,Version=v4.8, .NETFramework,Version=v4.8.1' instead of the project target framework 'net8.0-windows7.0'. This package may not be fully compatible with your project.
E:\projects\employee_management_csharp\ManagementApp\ManagementApp.csproj : warning NU1701: Package 'LiveCharts 0.9.7' was restored using '.NETFramework,Version=v4.6.1, .NETFramework,Version=v4.6.2, .NETFramework,Version=v4.7, .NETFramework,Version=v4.7.1, .NETFramework,Version=v4.7.2, .NETFramework,Version=v4.8, .NETFramework,Version=v4.8.1' instead of the project target framework 'net8.0-windows7.0'. This package may not be fully compatible with your project.
E:\projects\employee_management_csharp\ManagementApp\ManagementApp.csproj : warning NU1701: Package 'LiveCharts.Wpf 0.9.7' was restored using '.NETFramework,Version=v4.6.1, .NETFramework,Version=v4.6.2, .NETFramework,Version=v4.7, .NETFramework,Version=v4.7.1, .NETFramework,Version=v4.7.2, .NETFramework,Version=v4.8, .NETFramework,Version=v4.8.1' instead of the project target framework 'net8.0-windows7.0'. This package may not be fully compatible with your project.
E:\projects\employee_management_csharp\Shared\Services\LoggingService.cs(76,28): warning CS8633: Nullability in constraints for type parameter 'TState' of method 'FileLogger.BeginScope<TState>(TState)' doesn't match the constraints for type parameter 'TState' of interface method 'ILogger.BeginScope<TState>(TState)'. Consider using an explicit interface implementation instead. [E:\projects\employee_management_csharp\Shared\Shared.csproj]
E:\projects\employee_management_csharp\Shared\Utils\DataCleanupHelper.cs(157,59): warning CS8604: Possible null reference argument for parameter 'path' in 'DirectoryInfo Directory.CreateDirectory(string path)'. [E:\projects\employee_management_csharp\Shared\Shared.csproj]
E:\projects\employee_management_csharp\Shared\Models\Task.cs(264,32): warning CS8605: Unboxing a possibly null value. [E:\projects\employee_management_csharp\Shared\Shared.csproj]
E:\projects\employee_management_csharp\Shared\Models\Shift.cs(444,45): warning CS8604: Possible null reference argument for parameter 'employee' in 'bool Shift.RemoveEmployee(Employee employee)'. [E:\projects\employee_management_csharp\Shared\Shared.csproj]
E:\projects\employee_management_csharp\Shared\Services\JsonHandler.cs(679,28): warning CS8603: Possible null reference return. [E:\projects\employee_management_csharp\Shared\Shared.csproj]
E:\projects\employee_management_csharp\Shared\Models\Shift.cs(133,57): warning CS8602: Dereference of a possibly null reference. [E:\projects\employee_management_csharp\Shared\Shared.csproj]
E:\projects\employee_management_csharp\Shared\Models\ShiftGroup.cs(470,101): error CS1503: Argument 6: cannot convert from 'bool?' to 'int?' [E:\projects\employee_management_csharp\Shared\Shared.csproj]
    14 Warning(s)
    1 Error(s)

Time Elapsed 00:00:01.23
