MSBuild version 17.8.43+f0cbb1397 for .NET
  Determining projects to restore...
E:\projects\employee_management_csharp\DisplayApp\DisplayApp.csproj : warning NU1701: Package 'LiveCharts 0.9.7' was restored using '.NETFramework,Version=v4.6.1, .NETFramework,Version=v4.6.2, .NETFramework,Version=v4.7, .NETFramework,Version=v4.7.1, .NETFramework,Version=v4.7.2, .NETFramework,Version=v4.8, .NETFramework,Version=v4.8.1' instead of the project target framework 'net8.0-windows7.0'. This package may not be fully compatible with your project. [E:\projects\employee_management_csharp\ManagementApp\ManagementApp.csproj]
E:\projects\employee_management_csharp\DisplayApp\DisplayApp.csproj : warning NU1701: Package 'LiveCharts.Wpf 0.9.7' was restored using '.NETFramework,Version=v4.6.1, .NETFramework,Version=v4.6.2, .NETFramework,Version=v4.7, .NETFramework,Version=v4.7.1, .NETFramework,Version=v4.7.2, .NETFramework,Version=v4.8, .NETFramework,Version=v4.8.1' instead of the project target framework 'net8.0-windows7.0'. This package may not be fully compatible with your project. [E:\projects\employee_management_csharp\ManagementApp\ManagementApp.csproj]
E:\projects\employee_management_csharp\ManagementApp\ManagementApp.csproj : warning NU1701: Package 'LiveCharts 0.9.7' was restored using '.NETFramework,Version=v4.6.1, .NETFramework,Version=v4.6.2, .NETFramework,Version=v4.7, .NETFramework,Version=v4.7.1, .NETFramework,Version=v4.7.2, .NETFramework,Version=v4.8, .NETFramework,Version=v4.8.1' instead of the project target framework 'net8.0-windows7.0'. This package may not be fully compatible with your project.
E:\projects\employee_management_csharp\ManagementApp\ManagementApp.csproj : warning NU1701: Package 'LiveCharts.Wpf 0.9.7' was restored using '.NETFramework,Version=v4.6.1, .NETFramework,Version=v4.6.2, .NETFramework,Version=v4.7, .NETFramework,Version=v4.7.1, .NETFramework,Version=v4.7.2, .NETFramework,Version=v4.8, .NETFramework,Version=v4.8.1' instead of the project target framework 'net8.0-windows7.0'. This package may not be fully compatible with your project.
  All projects are up-to-date for restore.
E:\projects\employee_management_csharp\ManagementApp\ManagementApp.csproj : warning NU1701: Package 'LiveCharts 0.9.7' was restored using '.NETFramework,Version=v4.6.1, .NETFramework,Version=v4.6.2, .NETFramework,Version=v4.7, .NETFramework,Version=v4.7.1, .NETFramework,Version=v4.7.2, .NETFramework,Version=v4.8, .NETFramework,Version=v4.8.1' instead of the project target framework 'net8.0-windows7.0'. This package may not be fully compatible with your project.
E:\projects\employee_management_csharp\ManagementApp\ManagementApp.csproj : warning NU1701: Package 'LiveCharts.Wpf 0.9.7' was restored using '.NETFramework,Version=v4.6.1, .NETFramework,Version=v4.6.2, .NETFramework,Version=v4.7, .NETFramework,Version=v4.7.1, .NETFramework,Version=v4.7.2, .NETFramework,Version=v4.8, .NETFramework,Version=v4.8.1' instead of the project target framework 'net8.0-windows7.0'. This package may not be fully compatible with your project.
E:\projects\employee_management_csharp\DisplayApp\DisplayApp.csproj : warning NU1701: Package 'LiveCharts 0.9.7' was restored using '.NETFramework,Version=v4.6.1, .NETFramework,Version=v4.6.2, .NETFramework,Version=v4.7, .NETFramework,Version=v4.7.1, .NETFramework,Version=v4.7.2, .NETFramework,Version=v4.8, .NETFramework,Version=v4.8.1' instead of the project target framework 'net8.0-windows7.0'. This package may not be fully compatible with your project.
E:\projects\employee_management_csharp\DisplayApp\DisplayApp.csproj : warning NU1701: Package 'LiveCharts.Wpf 0.9.7' was restored using '.NETFramework,Version=v4.6.1, .NETFramework,Version=v4.6.2, .NETFramework,Version=v4.7, .NETFramework,Version=v4.7.1, .NETFramework,Version=v4.7.2, .NETFramework,Version=v4.8, .NETFramework,Version=v4.8.1' instead of the project target framework 'net8.0-windows7.0'. This package may not be fully compatible with your project.
  Shared -> E:\projects\employee_management_csharp\Shared\bin\Debug\net8.0\Shared.dll
  DisplayApp -> E:\projects\employee_management_csharp\DisplayApp\bin\Debug\net8.0-windows\DisplayApp.dll
E:\projects\employee_management_csharp\ManagementApp\ManagementApp_yw3dnbvf_wpftmp.csproj : warning NU1701: Package 'LiveCharts 0.9.7' was restored using '.NETFramework,Version=v4.6.1, .NETFramework,Version=v4.6.2, .NETFramework,Version=v4.7, .NETFramework,Version=v4.7.1, .NETFramework,Version=v4.7.2, .NETFramework,Version=v4.8, .NETFramework,Version=v4.8.1' instead of the project target framework 'net8.0-windows7.0'. This package may not be fully compatible with your project.
E:\projects\employee_management_csharp\ManagementApp\ManagementApp_yw3dnbvf_wpftmp.csproj : warning NU1701: Package 'LiveCharts.Wpf 0.9.7' was restored using '.NETFramework,Version=v4.6.1, .NETFramework,Version=v4.6.2, .NETFramework,Version=v4.7, .NETFramework,Version=v4.7.1, .NETFramework,Version=v4.7.2, .NETFramework,Version=v4.8, .NETFramework,Version=v4.8.1' instead of the project target framework 'net8.0-windows7.0'. This package may not be fully compatible with your project.
E:\projects\employee_management_csharp\ManagementApp\App.xaml.cs(79,30): warning CS0168: The variable 'ex' is declared but never used [E:\projects\employee_management_csharp\ManagementApp\ManagementApp_yw3dnbvf_wpftmp.csproj]
E:\projects\employee_management_csharp\ManagementApp\Views\TaskDialog.xaml.cs(57,69): warning CS8604: Possible null reference argument for parameter 'persianText' in 'string TaskDialog.ConvertPersianToEnglishNumerals(string persianText)'. [E:\projects\employee_management_csharp\ManagementApp\ManagementApp_yw3dnbvf_wpftmp.csproj]
E:\projects\employee_management_csharp\ManagementApp\Views\ShiftGroupEditDialog.xaml.cs(28,46): error CS0103: The name 'AfternoonForemanComboBox' does not exist in the current context [E:\projects\employee_management_csharp\ManagementApp\ManagementApp_yw3dnbvf_wpftmp.csproj]
E:\projects\employee_management_csharp\ManagementApp\Views\ShiftGroupEditDialog.xaml.cs(29,42): error CS0103: The name 'NightForemanComboBox' does not exist in the current context [E:\projects\employee_management_csharp\ManagementApp\ManagementApp_yw3dnbvf_wpftmp.csproj]
E:\projects\employee_management_csharp\ManagementApp\Views\ShiftGroupEditDialog.xaml.cs(123,21): error CS0103: The name 'AfternoonForemanComboBox' does not exist in the current context [E:\projects\employee_management_csharp\ManagementApp\ManagementApp_yw3dnbvf_wpftmp.csproj]
E:\projects\employee_management_csharp\ManagementApp\Views\ShiftGroupEditDialog.xaml.cs(125,21): error CS0103: The name 'AfternoonForemanComboBox' does not exist in the current context [E:\projects\employee_management_csharp\ManagementApp\ManagementApp_yw3dnbvf_wpftmp.csproj]
E:\projects\employee_management_csharp\ManagementApp\Views\ShiftGroupEditDialog.xaml.cs(129,21): error CS0103: The name 'NightForemanComboBox' does not exist in the current context [E:\projects\employee_management_csharp\ManagementApp\ManagementApp_yw3dnbvf_wpftmp.csproj]
E:\projects\employee_management_csharp\ManagementApp\Views\ShiftGroupEditDialog.xaml.cs(131,21): error CS0103: The name 'NightForemanComboBox' does not exist in the current context [E:\projects\employee_management_csharp\ManagementApp\ManagementApp_yw3dnbvf_wpftmp.csproj]
E:\projects\employee_management_csharp\ManagementApp\Views\ShiftGroupEditDialog.xaml.cs(214,25): error CS0103: The name 'AfternoonForemanComboBox' does not exist in the current context [E:\projects\employee_management_csharp\ManagementApp\ManagementApp_yw3dnbvf_wpftmp.csproj]
E:\projects\employee_management_csharp\ManagementApp\Views\ShiftGroupEditDialog.xaml.cs(216,25): error CS0103: The name 'AfternoonForemanComboBox' does not exist in the current context [E:\projects\employee_management_csharp\ManagementApp\ManagementApp_yw3dnbvf_wpftmp.csproj]
E:\projects\employee_management_csharp\ManagementApp\Views\ShiftGroupEditDialog.xaml.cs(220,25): error CS0103: The name 'NightForemanComboBox' does not exist in the current context [E:\projects\employee_management_csharp\ManagementApp\ManagementApp_yw3dnbvf_wpftmp.csproj]
E:\projects\employee_management_csharp\ManagementApp\Views\ShiftGroupEditDialog.xaml.cs(222,25): error CS0103: The name 'NightForemanComboBox' does not exist in the current context [E:\projects\employee_management_csharp\ManagementApp\ManagementApp_yw3dnbvf_wpftmp.csproj]
E:\projects\employee_management_csharp\ManagementApp\Views\ShiftGroupEditDialog.xaml.cs(234,25): error CS0103: The name 'AfternoonForemanComboBox' does not exist in the current context [E:\projects\employee_management_csharp\ManagementApp\ManagementApp_yw3dnbvf_wpftmp.csproj]
E:\projects\employee_management_csharp\ManagementApp\Views\ShiftGroupEditDialog.xaml.cs(237,25): error CS0103: The name 'AfternoonForemanComboBox' does not exist in the current context [E:\projects\employee_management_csharp\ManagementApp\ManagementApp_yw3dnbvf_wpftmp.csproj]
E:\projects\employee_management_csharp\ManagementApp\Views\ShiftGroupEditDialog.xaml.cs(241,25): error CS0103: The name 'NightForemanComboBox' does not exist in the current context [E:\projects\employee_management_csharp\ManagementApp\ManagementApp_yw3dnbvf_wpftmp.csproj]
E:\projects\employee_management_csharp\ManagementApp\Views\ShiftGroupEditDialog.xaml.cs(244,25): error CS0103: The name 'NightForemanComboBox' does not exist in the current context [E:\projects\employee_management_csharp\ManagementApp\ManagementApp_yw3dnbvf_wpftmp.csproj]
E:\projects\employee_management_csharp\ManagementApp\Views\ShiftGroupEditDialog.xaml.cs(236,98): warning CS8602: Dereference of a possibly null reference. [E:\projects\employee_management_csharp\ManagementApp\ManagementApp_yw3dnbvf_wpftmp.csproj]
E:\projects\employee_management_csharp\ManagementApp\Views\ShiftGroupEditDialog.xaml.cs(243,94): warning CS8602: Dereference of a possibly null reference. [E:\projects\employee_management_csharp\ManagementApp\ManagementApp_yw3dnbvf_wpftmp.csproj]
E:\projects\employee_management_csharp\ManagementApp\Views\ShiftGroupEditDialog.xaml.cs(281,21): error CS0103: The name 'AfternoonForemanComboBox' does not exist in the current context [E:\projects\employee_management_csharp\ManagementApp\ManagementApp_yw3dnbvf_wpftmp.csproj]
E:\projects\employee_management_csharp\ManagementApp\Views\ShiftGroupEditDialog.xaml.cs(289,21): error CS0103: The name 'NightForemanComboBox' does not exist in the current context [E:\projects\employee_management_csharp\ManagementApp\ManagementApp_yw3dnbvf_wpftmp.csproj]
E:\projects\employee_management_csharp\ManagementApp\Controllers\MainController.cs(633,63): warning CS8600: Converting null literal or possible null value to non-nullable type. [E:\projects\employee_management_csharp\ManagementApp\ManagementApp_yw3dnbvf_wpftmp.csproj]
E:\projects\employee_management_csharp\ManagementApp\Controllers\MainController.cs(641,40): warning CS8600: Converting null literal or possible null value to non-nullable type. [E:\projects\employee_management_csharp\ManagementApp\ManagementApp_yw3dnbvf_wpftmp.csproj]
E:\projects\employee_management_csharp\ManagementApp\Controllers\MainController.cs(649,44): warning CS8600: Converting null literal or possible null value to non-nullable type. [E:\projects\employee_management_csharp\ManagementApp\ManagementApp_yw3dnbvf_wpftmp.csproj]
E:\projects\employee_management_csharp\ManagementApp\Controllers\MainController.cs(852,49): error CS1061: 'ShiftManager' does not contain a definition for 'EveningShift' and no accessible extension method 'EveningShift' accepting a first argument of type 'ShiftManager' could be found (are you missing a using directive or an assembly reference?) [E:\projects\employee_management_csharp\ManagementApp\ManagementApp_yw3dnbvf_wpftmp.csproj]
E:\projects\employee_management_csharp\ManagementApp\Controllers\MainController.cs(984,56): warning CS8600: Converting null literal or possible null value to non-nullable type. [E:\projects\employee_management_csharp\ManagementApp\ManagementApp_yw3dnbvf_wpftmp.csproj]
E:\projects\employee_management_csharp\ManagementApp\Controllers\MainController.cs(994,33): warning CS8600: Converting null literal or possible null value to non-nullable type. [E:\projects\employee_management_csharp\ManagementApp\ManagementApp_yw3dnbvf_wpftmp.csproj]
E:\projects\employee_management_csharp\ManagementApp\Controllers\MainController.cs(1109,56): error CS1061: 'ShiftManager' does not contain a definition for 'EveningShift' and no accessible extension method 'EveningShift' accepting a first argument of type 'ShiftManager' could be found (are you missing a using directive or an assembly reference?) [E:\projects\employee_management_csharp\ManagementApp\ManagementApp_yw3dnbvf_wpftmp.csproj]
E:\projects\employee_management_csharp\ManagementApp\Controllers\MainController.cs(1111,66): error CS1061: 'ShiftManager' does not contain a definition for 'EveningShift' and no accessible extension method 'EveningShift' accepting a first argument of type 'ShiftManager' could be found (are you missing a using directive or an assembly reference?) [E:\projects\employee_management_csharp\ManagementApp\ManagementApp_yw3dnbvf_wpftmp.csproj]
E:\projects\employee_management_csharp\ManagementApp\Controllers\MainController.cs(1100,48): warning CS8602: Dereference of a possibly null reference. [E:\projects\employee_management_csharp\ManagementApp\ManagementApp_yw3dnbvf_wpftmp.csproj]
E:\projects\employee_management_csharp\ManagementApp\Views\MainWindow.xaml.cs(1112,53): error CS1061: 'ShiftGroup' does not contain a definition for 'EveningCapacity' and no accessible extension method 'EveningCapacity' accepting a first argument of type 'ShiftGroup' could be found (are you missing a using directive or an assembly reference?) [E:\projects\employee_management_csharp\ManagementApp\ManagementApp_yw3dnbvf_wpftmp.csproj]
E:\projects\employee_management_csharp\ManagementApp\Controllers\MainController.cs(1186,57): error CS1061: 'ShiftGroup' does not contain a definition for 'EveningCapacity' and no accessible extension method 'EveningCapacity' accepting a first argument of type 'ShiftGroup' could be found (are you missing a using directive or an assembly reference?) [E:\projects\employee_management_csharp\ManagementApp\ManagementApp_yw3dnbvf_wpftmp.csproj]
E:\projects\employee_management_csharp\ManagementApp\Controllers\MainController.cs(1203,57): error CS1061: 'ShiftGroup' does not contain a definition for 'EveningCapacity' and no accessible extension method 'EveningCapacity' accepting a first argument of type 'ShiftGroup' could be found (are you missing a using directive or an assembly reference?) [E:\projects\employee_management_csharp\ManagementApp\ManagementApp_yw3dnbvf_wpftmp.csproj]
E:\projects\employee_management_csharp\ManagementApp\Controllers\MainController.cs(1205,67): error CS1061: 'ShiftGroup' does not contain a definition for 'EveningShift' and no accessible extension method 'EveningShift' accepting a first argument of type 'ShiftGroup' could be found (are you missing a using directive or an assembly reference?) [E:\projects\employee_management_csharp\ManagementApp\ManagementApp_yw3dnbvf_wpftmp.csproj]
E:\projects\employee_management_csharp\ManagementApp\Controllers\MainController.cs(1194,48): warning CS8602: Dereference of a possibly null reference. [E:\projects\employee_management_csharp\ManagementApp\ManagementApp_yw3dnbvf_wpftmp.csproj]
E:\projects\employee_management_csharp\ManagementApp\Views\MainWindow.xaml.cs(1289,101): error CS1061: 'ShiftGroup' does not contain a definition for 'EveningShift' and no accessible extension method 'EveningShift' accepting a first argument of type 'ShiftGroup' could be found (are you missing a using directive or an assembly reference?) [E:\projects\employee_management_csharp\ManagementApp\ManagementApp_yw3dnbvf_wpftmp.csproj]
E:\projects\employee_management_csharp\ManagementApp\Views\MainWindow.xaml.cs(1424,50): error CS1061: 'ShiftGroup' does not contain a definition for 'EveningShift' and no accessible extension method 'EveningShift' accepting a first argument of type 'ShiftGroup' could be found (are you missing a using directive or an assembly reference?) [E:\projects\employee_management_csharp\ManagementApp\ManagementApp_yw3dnbvf_wpftmp.csproj]
E:\projects\employee_management_csharp\ManagementApp\Views\MainWindow.xaml.cs(1426,53): error CS1061: 'ShiftGroup' does not contain a definition for 'EveningCapacity' and no accessible extension method 'EveningCapacity' accepting a first argument of type 'ShiftGroup' could be found (are you missing a using directive or an assembly reference?) [E:\projects\employee_management_csharp\ManagementApp\ManagementApp_yw3dnbvf_wpftmp.csproj]
E:\projects\employee_management_csharp\ManagementApp\Views\MainWindow.xaml.cs(1431,61): error CS1061: 'ShiftManager' does not contain a definition for 'EveningShift' and no accessible extension method 'EveningShift' accepting a first argument of type 'ShiftManager' could be found (are you missing a using directive or an assembly reference?) [E:\projects\employee_management_csharp\ManagementApp\ManagementApp_yw3dnbvf_wpftmp.csproj]
E:\projects\employee_management_csharp\ManagementApp\Views\MainWindow.xaml.cs(1793,121): warning CS8625: Cannot convert null literal to non-nullable reference type. [E:\projects\employee_management_csharp\ManagementApp\ManagementApp_yw3dnbvf_wpftmp.csproj]
E:\projects\employee_management_csharp\ManagementApp\Views\MainWindow.xaml.cs(2017,48): error CS1061: 'ShiftGroup' does not contain a definition for 'EveningShift' and no accessible extension method 'EveningShift' accepting a first argument of type 'ShiftGroup' could be found (are you missing a using directive or an assembly reference?) [E:\projects\employee_management_csharp\ManagementApp\ManagementApp_yw3dnbvf_wpftmp.csproj]
E:\projects\employee_management_csharp\ManagementApp\Views\MainWindow.xaml.cs(2032,67): error CS1061: 'ShiftManager' does not contain a definition for 'EveningShift' and no accessible extension method 'EveningShift' accepting a first argument of type 'ShiftManager' could be found (are you missing a using directive or an assembly reference?) [E:\projects\employee_management_csharp\ManagementApp\ManagementApp_yw3dnbvf_wpftmp.csproj]
E:\projects\employee_management_csharp\ManagementApp\Views\MainWindow.xaml.cs(2308,117): error CS1061: 'ShiftGroup' does not contain a definition for 'EveningShift' and no accessible extension method 'EveningShift' accepting a first argument of type 'ShiftGroup' could be found (are you missing a using directive or an assembly reference?) [E:\projects\employee_management_csharp\ManagementApp\ManagementApp_yw3dnbvf_wpftmp.csproj]
E:\projects\employee_management_csharp\ManagementApp\Views\MainWindow.xaml.cs(2330,117): error CS1061: 'ShiftGroup' does not contain a definition for 'EveningShift' and no accessible extension method 'EveningShift' accepting a first argument of type 'ShiftGroup' could be found (are you missing a using directive or an assembly reference?) [E:\projects\employee_management_csharp\ManagementApp\ManagementApp_yw3dnbvf_wpftmp.csproj]
E:\projects\employee_management_csharp\ManagementApp\Controllers\MainController.cs(2472,27): error CS1061: 'ShiftGroup' does not contain a definition for 'EveningShift' and no accessible extension method 'EveningShift' accepting a first argument of type 'ShiftGroup' could be found (are you missing a using directive or an assembly reference?) [E:\projects\employee_management_csharp\ManagementApp\ManagementApp_yw3dnbvf_wpftmp.csproj]
E:\projects\employee_management_csharp\ManagementApp\Controllers\MainController.cs(2474,46): error CS1061: 'ShiftGroup' does not contain a definition for 'EveningShift' and no accessible extension method 'EveningShift' accepting a first argument of type 'ShiftGroup' could be found (are you missing a using directive or an assembly reference?) [E:\projects\employee_management_csharp\ManagementApp\ManagementApp_yw3dnbvf_wpftmp.csproj]
E:\projects\employee_management_csharp\ManagementApp\Views\MainWindow.xaml.cs(3518,105): error CS1061: 'ShiftGroup' does not contain a definition for 'EveningShift' and no accessible extension method 'EveningShift' accepting a first argument of type 'ShiftGroup' could be found (are you missing a using directive or an assembly reference?) [E:\projects\employee_management_csharp\ManagementApp\ManagementApp_yw3dnbvf_wpftmp.csproj]

Build FAILED.

E:\projects\employee_management_csharp\DisplayApp\DisplayApp.csproj : warning NU1701: Package 'LiveCharts 0.9.7' was restored using '.NETFramework,Version=v4.6.1, .NETFramework,Version=v4.6.2, .NETFramework,Version=v4.7, .NETFramework,Version=v4.7.1, .NETFramework,Version=v4.7.2, .NETFramework,Version=v4.8, .NETFramework,Version=v4.8.1' instead of the project target framework 'net8.0-windows7.0'. This package may not be fully compatible with your project. [E:\projects\employee_management_csharp\ManagementApp\ManagementApp.csproj]
E:\projects\employee_management_csharp\DisplayApp\DisplayApp.csproj : warning NU1701: Package 'LiveCharts.Wpf 0.9.7' was restored using '.NETFramework,Version=v4.6.1, .NETFramework,Version=v4.6.2, .NETFramework,Version=v4.7, .NETFramework,Version=v4.7.1, .NETFramework,Version=v4.7.2, .NETFramework,Version=v4.8, .NETFramework,Version=v4.8.1' instead of the project target framework 'net8.0-windows7.0'. This package may not be fully compatible with your project. [E:\projects\employee_management_csharp\ManagementApp\ManagementApp.csproj]
E:\projects\employee_management_csharp\ManagementApp\ManagementApp.csproj : warning NU1701: Package 'LiveCharts 0.9.7' was restored using '.NETFramework,Version=v4.6.1, .NETFramework,Version=v4.6.2, .NETFramework,Version=v4.7, .NETFramework,Version=v4.7.1, .NETFramework,Version=v4.7.2, .NETFramework,Version=v4.8, .NETFramework,Version=v4.8.1' instead of the project target framework 'net8.0-windows7.0'. This package may not be fully compatible with your project.
E:\projects\employee_management_csharp\ManagementApp\ManagementApp.csproj : warning NU1701: Package 'LiveCharts.Wpf 0.9.7' was restored using '.NETFramework,Version=v4.6.1, .NETFramework,Version=v4.6.2, .NETFramework,Version=v4.7, .NETFramework,Version=v4.7.1, .NETFramework,Version=v4.7.2, .NETFramework,Version=v4.8, .NETFramework,Version=v4.8.1' instead of the project target framework 'net8.0-windows7.0'. This package may not be fully compatible with your project.
E:\projects\employee_management_csharp\ManagementApp\ManagementApp.csproj : warning NU1701: Package 'LiveCharts 0.9.7' was restored using '.NETFramework,Version=v4.6.1, .NETFramework,Version=v4.6.2, .NETFramework,Version=v4.7, .NETFramework,Version=v4.7.1, .NETFramework,Version=v4.7.2, .NETFramework,Version=v4.8, .NETFramework,Version=v4.8.1' instead of the project target framework 'net8.0-windows7.0'. This package may not be fully compatible with your project.
E:\projects\employee_management_csharp\ManagementApp\ManagementApp.csproj : warning NU1701: Package 'LiveCharts.Wpf 0.9.7' was restored using '.NETFramework,Version=v4.6.1, .NETFramework,Version=v4.6.2, .NETFramework,Version=v4.7, .NETFramework,Version=v4.7.1, .NETFramework,Version=v4.7.2, .NETFramework,Version=v4.8, .NETFramework,Version=v4.8.1' instead of the project target framework 'net8.0-windows7.0'. This package may not be fully compatible with your project.
E:\projects\employee_management_csharp\DisplayApp\DisplayApp.csproj : warning NU1701: Package 'LiveCharts 0.9.7' was restored using '.NETFramework,Version=v4.6.1, .NETFramework,Version=v4.6.2, .NETFramework,Version=v4.7, .NETFramework,Version=v4.7.1, .NETFramework,Version=v4.7.2, .NETFramework,Version=v4.8, .NETFramework,Version=v4.8.1' instead of the project target framework 'net8.0-windows7.0'. This package may not be fully compatible with your project.
E:\projects\employee_management_csharp\DisplayApp\DisplayApp.csproj : warning NU1701: Package 'LiveCharts.Wpf 0.9.7' was restored using '.NETFramework,Version=v4.6.1, .NETFramework,Version=v4.6.2, .NETFramework,Version=v4.7, .NETFramework,Version=v4.7.1, .NETFramework,Version=v4.7.2, .NETFramework,Version=v4.8, .NETFramework,Version=v4.8.1' instead of the project target framework 'net8.0-windows7.0'. This package may not be fully compatible with your project.
E:\projects\employee_management_csharp\ManagementApp\ManagementApp_yw3dnbvf_wpftmp.csproj : warning NU1701: Package 'LiveCharts 0.9.7' was restored using '.NETFramework,Version=v4.6.1, .NETFramework,Version=v4.6.2, .NETFramework,Version=v4.7, .NETFramework,Version=v4.7.1, .NETFramework,Version=v4.7.2, .NETFramework,Version=v4.8, .NETFramework,Version=v4.8.1' instead of the project target framework 'net8.0-windows7.0'. This package may not be fully compatible with your project.
E:\projects\employee_management_csharp\ManagementApp\ManagementApp_yw3dnbvf_wpftmp.csproj : warning NU1701: Package 'LiveCharts.Wpf 0.9.7' was restored using '.NETFramework,Version=v4.6.1, .NETFramework,Version=v4.6.2, .NETFramework,Version=v4.7, .NETFramework,Version=v4.7.1, .NETFramework,Version=v4.7.2, .NETFramework,Version=v4.8, .NETFramework,Version=v4.8.1' instead of the project target framework 'net8.0-windows7.0'. This package may not be fully compatible with your project.
E:\projects\employee_management_csharp\ManagementApp\App.xaml.cs(79,30): warning CS0168: The variable 'ex' is declared but never used [E:\projects\employee_management_csharp\ManagementApp\ManagementApp_yw3dnbvf_wpftmp.csproj]
E:\projects\employee_management_csharp\ManagementApp\Views\TaskDialog.xaml.cs(57,69): warning CS8604: Possible null reference argument for parameter 'persianText' in 'string TaskDialog.ConvertPersianToEnglishNumerals(string persianText)'. [E:\projects\employee_management_csharp\ManagementApp\ManagementApp_yw3dnbvf_wpftmp.csproj]
E:\projects\employee_management_csharp\ManagementApp\Views\ShiftGroupEditDialog.xaml.cs(236,98): warning CS8602: Dereference of a possibly null reference. [E:\projects\employee_management_csharp\ManagementApp\ManagementApp_yw3dnbvf_wpftmp.csproj]
E:\projects\employee_management_csharp\ManagementApp\Views\ShiftGroupEditDialog.xaml.cs(243,94): warning CS8602: Dereference of a possibly null reference. [E:\projects\employee_management_csharp\ManagementApp\ManagementApp_yw3dnbvf_wpftmp.csproj]
E:\projects\employee_management_csharp\ManagementApp\Controllers\MainController.cs(633,63): warning CS8600: Converting null literal or possible null value to non-nullable type. [E:\projects\employee_management_csharp\ManagementApp\ManagementApp_yw3dnbvf_wpftmp.csproj]
E:\projects\employee_management_csharp\ManagementApp\Controllers\MainController.cs(641,40): warning CS8600: Converting null literal or possible null value to non-nullable type. [E:\projects\employee_management_csharp\ManagementApp\ManagementApp_yw3dnbvf_wpftmp.csproj]
E:\projects\employee_management_csharp\ManagementApp\Controllers\MainController.cs(649,44): warning CS8600: Converting null literal or possible null value to non-nullable type. [E:\projects\employee_management_csharp\ManagementApp\ManagementApp_yw3dnbvf_wpftmp.csproj]
E:\projects\employee_management_csharp\ManagementApp\Controllers\MainController.cs(984,56): warning CS8600: Converting null literal or possible null value to non-nullable type. [E:\projects\employee_management_csharp\ManagementApp\ManagementApp_yw3dnbvf_wpftmp.csproj]
E:\projects\employee_management_csharp\ManagementApp\Controllers\MainController.cs(994,33): warning CS8600: Converting null literal or possible null value to non-nullable type. [E:\projects\employee_management_csharp\ManagementApp\ManagementApp_yw3dnbvf_wpftmp.csproj]
E:\projects\employee_management_csharp\ManagementApp\Controllers\MainController.cs(1100,48): warning CS8602: Dereference of a possibly null reference. [E:\projects\employee_management_csharp\ManagementApp\ManagementApp_yw3dnbvf_wpftmp.csproj]
E:\projects\employee_management_csharp\ManagementApp\Controllers\MainController.cs(1194,48): warning CS8602: Dereference of a possibly null reference. [E:\projects\employee_management_csharp\ManagementApp\ManagementApp_yw3dnbvf_wpftmp.csproj]
E:\projects\employee_management_csharp\ManagementApp\Views\MainWindow.xaml.cs(1793,121): warning CS8625: Cannot convert null literal to non-nullable reference type. [E:\projects\employee_management_csharp\ManagementApp\ManagementApp_yw3dnbvf_wpftmp.csproj]
E:\projects\employee_management_csharp\ManagementApp\Views\ShiftGroupEditDialog.xaml.cs(28,46): error CS0103: The name 'AfternoonForemanComboBox' does not exist in the current context [E:\projects\employee_management_csharp\ManagementApp\ManagementApp_yw3dnbvf_wpftmp.csproj]
E:\projects\employee_management_csharp\ManagementApp\Views\ShiftGroupEditDialog.xaml.cs(29,42): error CS0103: The name 'NightForemanComboBox' does not exist in the current context [E:\projects\employee_management_csharp\ManagementApp\ManagementApp_yw3dnbvf_wpftmp.csproj]
E:\projects\employee_management_csharp\ManagementApp\Views\ShiftGroupEditDialog.xaml.cs(123,21): error CS0103: The name 'AfternoonForemanComboBox' does not exist in the current context [E:\projects\employee_management_csharp\ManagementApp\ManagementApp_yw3dnbvf_wpftmp.csproj]
E:\projects\employee_management_csharp\ManagementApp\Views\ShiftGroupEditDialog.xaml.cs(125,21): error CS0103: The name 'AfternoonForemanComboBox' does not exist in the current context [E:\projects\employee_management_csharp\ManagementApp\ManagementApp_yw3dnbvf_wpftmp.csproj]
E:\projects\employee_management_csharp\ManagementApp\Views\ShiftGroupEditDialog.xaml.cs(129,21): error CS0103: The name 'NightForemanComboBox' does not exist in the current context [E:\projects\employee_management_csharp\ManagementApp\ManagementApp_yw3dnbvf_wpftmp.csproj]
E:\projects\employee_management_csharp\ManagementApp\Views\ShiftGroupEditDialog.xaml.cs(131,21): error CS0103: The name 'NightForemanComboBox' does not exist in the current context [E:\projects\employee_management_csharp\ManagementApp\ManagementApp_yw3dnbvf_wpftmp.csproj]
E:\projects\employee_management_csharp\ManagementApp\Views\ShiftGroupEditDialog.xaml.cs(214,25): error CS0103: The name 'AfternoonForemanComboBox' does not exist in the current context [E:\projects\employee_management_csharp\ManagementApp\ManagementApp_yw3dnbvf_wpftmp.csproj]
E:\projects\employee_management_csharp\ManagementApp\Views\ShiftGroupEditDialog.xaml.cs(216,25): error CS0103: The name 'AfternoonForemanComboBox' does not exist in the current context [E:\projects\employee_management_csharp\ManagementApp\ManagementApp_yw3dnbvf_wpftmp.csproj]
E:\projects\employee_management_csharp\ManagementApp\Views\ShiftGroupEditDialog.xaml.cs(220,25): error CS0103: The name 'NightForemanComboBox' does not exist in the current context [E:\projects\employee_management_csharp\ManagementApp\ManagementApp_yw3dnbvf_wpftmp.csproj]
E:\projects\employee_management_csharp\ManagementApp\Views\ShiftGroupEditDialog.xaml.cs(222,25): error CS0103: The name 'NightForemanComboBox' does not exist in the current context [E:\projects\employee_management_csharp\ManagementApp\ManagementApp_yw3dnbvf_wpftmp.csproj]
E:\projects\employee_management_csharp\ManagementApp\Views\ShiftGroupEditDialog.xaml.cs(234,25): error CS0103: The name 'AfternoonForemanComboBox' does not exist in the current context [E:\projects\employee_management_csharp\ManagementApp\ManagementApp_yw3dnbvf_wpftmp.csproj]
E:\projects\employee_management_csharp\ManagementApp\Views\ShiftGroupEditDialog.xaml.cs(237,25): error CS0103: The name 'AfternoonForemanComboBox' does not exist in the current context [E:\projects\employee_management_csharp\ManagementApp\ManagementApp_yw3dnbvf_wpftmp.csproj]
E:\projects\employee_management_csharp\ManagementApp\Views\ShiftGroupEditDialog.xaml.cs(241,25): error CS0103: The name 'NightForemanComboBox' does not exist in the current context [E:\projects\employee_management_csharp\ManagementApp\ManagementApp_yw3dnbvf_wpftmp.csproj]
E:\projects\employee_management_csharp\ManagementApp\Views\ShiftGroupEditDialog.xaml.cs(244,25): error CS0103: The name 'NightForemanComboBox' does not exist in the current context [E:\projects\employee_management_csharp\ManagementApp\ManagementApp_yw3dnbvf_wpftmp.csproj]
E:\projects\employee_management_csharp\ManagementApp\Views\ShiftGroupEditDialog.xaml.cs(281,21): error CS0103: The name 'AfternoonForemanComboBox' does not exist in the current context [E:\projects\employee_management_csharp\ManagementApp\ManagementApp_yw3dnbvf_wpftmp.csproj]
E:\projects\employee_management_csharp\ManagementApp\Views\ShiftGroupEditDialog.xaml.cs(289,21): error CS0103: The name 'NightForemanComboBox' does not exist in the current context [E:\projects\employee_management_csharp\ManagementApp\ManagementApp_yw3dnbvf_wpftmp.csproj]
E:\projects\employee_management_csharp\ManagementApp\Controllers\MainController.cs(852,49): error CS1061: 'ShiftManager' does not contain a definition for 'EveningShift' and no accessible extension method 'EveningShift' accepting a first argument of type 'ShiftManager' could be found (are you missing a using directive or an assembly reference?) [E:\projects\employee_management_csharp\ManagementApp\ManagementApp_yw3dnbvf_wpftmp.csproj]
E:\projects\employee_management_csharp\ManagementApp\Controllers\MainController.cs(1109,56): error CS1061: 'ShiftManager' does not contain a definition for 'EveningShift' and no accessible extension method 'EveningShift' accepting a first argument of type 'ShiftManager' could be found (are you missing a using directive or an assembly reference?) [E:\projects\employee_management_csharp\ManagementApp\ManagementApp_yw3dnbvf_wpftmp.csproj]
E:\projects\employee_management_csharp\ManagementApp\Controllers\MainController.cs(1111,66): error CS1061: 'ShiftManager' does not contain a definition for 'EveningShift' and no accessible extension method 'EveningShift' accepting a first argument of type 'ShiftManager' could be found (are you missing a using directive or an assembly reference?) [E:\projects\employee_management_csharp\ManagementApp\ManagementApp_yw3dnbvf_wpftmp.csproj]
E:\projects\employee_management_csharp\ManagementApp\Views\MainWindow.xaml.cs(1112,53): error CS1061: 'ShiftGroup' does not contain a definition for 'EveningCapacity' and no accessible extension method 'EveningCapacity' accepting a first argument of type 'ShiftGroup' could be found (are you missing a using directive or an assembly reference?) [E:\projects\employee_management_csharp\ManagementApp\ManagementApp_yw3dnbvf_wpftmp.csproj]
E:\projects\employee_management_csharp\ManagementApp\Controllers\MainController.cs(1186,57): error CS1061: 'ShiftGroup' does not contain a definition for 'EveningCapacity' and no accessible extension method 'EveningCapacity' accepting a first argument of type 'ShiftGroup' could be found (are you missing a using directive or an assembly reference?) [E:\projects\employee_management_csharp\ManagementApp\ManagementApp_yw3dnbvf_wpftmp.csproj]
E:\projects\employee_management_csharp\ManagementApp\Controllers\MainController.cs(1203,57): error CS1061: 'ShiftGroup' does not contain a definition for 'EveningCapacity' and no accessible extension method 'EveningCapacity' accepting a first argument of type 'ShiftGroup' could be found (are you missing a using directive or an assembly reference?) [E:\projects\employee_management_csharp\ManagementApp\ManagementApp_yw3dnbvf_wpftmp.csproj]
E:\projects\employee_management_csharp\ManagementApp\Controllers\MainController.cs(1205,67): error CS1061: 'ShiftGroup' does not contain a definition for 'EveningShift' and no accessible extension method 'EveningShift' accepting a first argument of type 'ShiftGroup' could be found (are you missing a using directive or an assembly reference?) [E:\projects\employee_management_csharp\ManagementApp\ManagementApp_yw3dnbvf_wpftmp.csproj]
E:\projects\employee_management_csharp\ManagementApp\Views\MainWindow.xaml.cs(1289,101): error CS1061: 'ShiftGroup' does not contain a definition for 'EveningShift' and no accessible extension method 'EveningShift' accepting a first argument of type 'ShiftGroup' could be found (are you missing a using directive or an assembly reference?) [E:\projects\employee_management_csharp\ManagementApp\ManagementApp_yw3dnbvf_wpftmp.csproj]
E:\projects\employee_management_csharp\ManagementApp\Views\MainWindow.xaml.cs(1424,50): error CS1061: 'ShiftGroup' does not contain a definition for 'EveningShift' and no accessible extension method 'EveningShift' accepting a first argument of type 'ShiftGroup' could be found (are you missing a using directive or an assembly reference?) [E:\projects\employee_management_csharp\ManagementApp\ManagementApp_yw3dnbvf_wpftmp.csproj]
E:\projects\employee_management_csharp\ManagementApp\Views\MainWindow.xaml.cs(1426,53): error CS1061: 'ShiftGroup' does not contain a definition for 'EveningCapacity' and no accessible extension method 'EveningCapacity' accepting a first argument of type 'ShiftGroup' could be found (are you missing a using directive or an assembly reference?) [E:\projects\employee_management_csharp\ManagementApp\ManagementApp_yw3dnbvf_wpftmp.csproj]
E:\projects\employee_management_csharp\ManagementApp\Views\MainWindow.xaml.cs(1431,61): error CS1061: 'ShiftManager' does not contain a definition for 'EveningShift' and no accessible extension method 'EveningShift' accepting a first argument of type 'ShiftManager' could be found (are you missing a using directive or an assembly reference?) [E:\projects\employee_management_csharp\ManagementApp\ManagementApp_yw3dnbvf_wpftmp.csproj]
E:\projects\employee_management_csharp\ManagementApp\Views\MainWindow.xaml.cs(2017,48): error CS1061: 'ShiftGroup' does not contain a definition for 'EveningShift' and no accessible extension method 'EveningShift' accepting a first argument of type 'ShiftGroup' could be found (are you missing a using directive or an assembly reference?) [E:\projects\employee_management_csharp\ManagementApp\ManagementApp_yw3dnbvf_wpftmp.csproj]
E:\projects\employee_management_csharp\ManagementApp\Views\MainWindow.xaml.cs(2032,67): error CS1061: 'ShiftManager' does not contain a definition for 'EveningShift' and no accessible extension method 'EveningShift' accepting a first argument of type 'ShiftManager' could be found (are you missing a using directive or an assembly reference?) [E:\projects\employee_management_csharp\ManagementApp\ManagementApp_yw3dnbvf_wpftmp.csproj]
E:\projects\employee_management_csharp\ManagementApp\Views\MainWindow.xaml.cs(2308,117): error CS1061: 'ShiftGroup' does not contain a definition for 'EveningShift' and no accessible extension method 'EveningShift' accepting a first argument of type 'ShiftGroup' could be found (are you missing a using directive or an assembly reference?) [E:\projects\employee_management_csharp\ManagementApp\ManagementApp_yw3dnbvf_wpftmp.csproj]
E:\projects\employee_management_csharp\ManagementApp\Views\MainWindow.xaml.cs(2330,117): error CS1061: 'ShiftGroup' does not contain a definition for 'EveningShift' and no accessible extension method 'EveningShift' accepting a first argument of type 'ShiftGroup' could be found (are you missing a using directive or an assembly reference?) [E:\projects\employee_management_csharp\ManagementApp\ManagementApp_yw3dnbvf_wpftmp.csproj]
E:\projects\employee_management_csharp\ManagementApp\Controllers\MainController.cs(2472,27): error CS1061: 'ShiftGroup' does not contain a definition for 'EveningShift' and no accessible extension method 'EveningShift' accepting a first argument of type 'ShiftGroup' could be found (are you missing a using directive or an assembly reference?) [E:\projects\employee_management_csharp\ManagementApp\ManagementApp_yw3dnbvf_wpftmp.csproj]
E:\projects\employee_management_csharp\ManagementApp\Controllers\MainController.cs(2474,46): error CS1061: 'ShiftGroup' does not contain a definition for 'EveningShift' and no accessible extension method 'EveningShift' accepting a first argument of type 'ShiftGroup' could be found (are you missing a using directive or an assembly reference?) [E:\projects\employee_management_csharp\ManagementApp\ManagementApp_yw3dnbvf_wpftmp.csproj]
E:\projects\employee_management_csharp\ManagementApp\Views\MainWindow.xaml.cs(3518,105): error CS1061: 'ShiftGroup' does not contain a definition for 'EveningShift' and no accessible extension method 'EveningShift' accepting a first argument of type 'ShiftGroup' could be found (are you missing a using directive or an assembly reference?) [E:\projects\employee_management_csharp\ManagementApp\ManagementApp_yw3dnbvf_wpftmp.csproj]
    22 Warning(s)
    34 Error(s)

Time Elapsed 00:00:02.15
